// Vitest Snapshot v1, https://vitest.dev/guide/snapshot.html

exports[`insta > should render correct HTML 1`] = `
"<section class="c-insta card relative overflow-hidden rounded-t-global bg-black-100 py-20">
  <div class="container-xl container mx-auto flex">
    <h2 class="relative z-10 w-1/3 pr-[4.5rem] font-serif text-2xl font-bold uppercase text-black-400">Retrouvez-nous sur instagram</h2><img class="absolute bottom-0 left-0 z-0 h-[85%] w-auto" src="/images/insta_bg.png">
    <div class="c-insta__content relative z-10 grid w-2/3 grid-cols-3 gap-8">
      <div class="relative w-full overflow-hidden rounded-global pt-[100%]"><img class="absolute left-0 top-0 size-full object-cover" src="/images/insta_1.jpg" alt="item insta 1"></div>
      <div class="relative w-full overflow-hidden rounded-global pt-[100%]"><img class="absolute left-0 top-0 size-full object-cover" src="/images/insta_2.jpg" alt="item insta 2"></div>
      <div class="relative w-full overflow-hidden rounded-global pt-[100%]"><img class="absolute left-0 top-0 size-full object-cover" src="/images/insta_3.jpg" alt="item insta 3"></div>
      <div class="relative w-full overflow-hidden rounded-global pt-[100%]"><img class="absolute left-0 top-0 size-full object-cover" src="/images/insta_4.jpg" alt="item insta 4"></div>
      <div class="relative w-full overflow-hidden rounded-global pt-[100%]"><img class="absolute left-0 top-0 size-full object-cover" src="/images/insta_5.jpg" alt="item insta 5"></div>
      <div class="relative w-full overflow-hidden rounded-global pt-[100%]"><img class="absolute left-0 top-0 size-full object-cover" src="/images/insta_6.jpg" alt="item insta 6"></div>
    </div>
  </div>
</section>"
`;
