// Vitest Snapshot v1, https://vitest.dev/guide/snapshot.html

exports[`scrollButton > should render the correct HTML 1`] = `"<button data-v-7a3d6e51="" class="c-scroll flex flex-col items-center text-ble-300" aria-label="scroll down button"><span data-v-7a3d6e51="" class="relative mb-2 block rounded-2xl border border-ble-300"><span data-v-7a3d6e51="" class="absolute left-1/2 top-2 block -translate-x-1/2 rounded-full bg-ble-300"></span></span> Défiler vers le bas </button>"`;
