// Vitest Snapshot v1, https://vitest.dev/guide/snapshot.html

exports[`vHeader > should render good HTML structur 1`] = `
"<header data-v-af2ef6f1="" class="c-header fixed left-0 top-0 z-40 w-full bg-black-100">
  <div data-v-af2ef6f1="" class="c-header__top absolute left-0 top-0 z-0 size-full bg-black-300">
    <!--v-if-->
  </div>
  <div data-v-af2ef6f1="" class="top-[2.625rem] c-header__main relative z-10 rounded-t-3xl bg-black-100">
    <div data-v-af2ef6f1="" class="container-xl container mx-auto">
      <div data-v-af2ef6f1="" class="relative flex items-center justify-between border-b border-ble-200 px-[1.5625rem] py-2 desktop:px-0">
        <!--v-if-->
        <routerlink data-v-af2ef6f1="" to="/" class="c-header__logo absolute top-2 block laptop:left-1/2 laptop:-translate-x-1/2"></routerlink>
        <!--v-if-->
        <div data-v-af2ef6f1="" class="flex w-full items-center justify-end laptop:hidden">
          <!--v-if--><button data-v-d02c27e8="" data-v-af2ef6f1="" class="relative size-12 rounded-full border border-ble-200 bg-ble-100" aria-label="ouvrir menu de navigation">
            <div data-v-d02c27e8="" class="absolute left-1/2 top-1/2 h-4 w-6 -translate-x-1/2 -translate-y-1/2"><span data-v-d02c27e8="" class="absolute left-0 block h-[2px] w-6 rounded-global bg-ble-200 opacity-100"></span><span data-v-d02c27e8="" class="absolute left-0 block h-[2px] w-6 rounded-global bg-ble-200 opacity-100"></span><span data-v-d02c27e8="" class="absolute left-0 block h-[2px] w-6 rounded-global bg-ble-200 opacity-100"></span></div>
          </button>
        </div>
      </div>
    </div>
  </div>
  <transition-stub data-v-af2ef6f1="" name="headerMenuMobile" appear="false" persisted="false" css="true">
    <!--v-if-->
  </transition-stub>
</header>"
`;
